lcd_i2c.c:33:6:lcd_init	8	static
lcd_i2c.c:60:6:lcd_time_and_date_init	16	static
lcd_i2c.c:82:6:lcd_clear	8	static
lcd_i2c.c:88:6:lcd_back_light_on	4	static
lcd_i2c.c:93:6:lcd_back_light_off	4	static
lcd_i2c.c:98:6:lcd_set_cursor	24	static
lcd_i2c.c:120:6:lcd_first_line	8	static
lcd_i2c.c:126:6:lcd_second_line	8	static
lcd_i2c.c:132:6:lcd_write_command	32	static
lcd_i2c.c:149:6:lcd_write_data	32	static
lcd_i2c.c:166:6:lcd_send_string	16	static
lcd_i2c.c:176:6:lcd_send_alarm_on_msg	8	static
lcd_i2c.c:186:6:lcd_send_alarm_off_msg	8	static
lcd_i2c.c:197:6:lcd_generate_own_chars	16	static
lcd_i2c.c:211:6:lcd_send_own_char	16	static
lcd_i2c.c:250:6:lcd_show_week_day_name	16	static
lcd_i2c.c:287:6:lcd_show_battery_level	24	static
