lcd_i2c.c:43:6:lcd_init	8	static
lcd_i2c.c:68:6:lcd_display_refresh	16	static
lcd_i2c.c:90:6:lcd_clear	8	static
lcd_i2c.c:96:6:lcd_back_light_on	4	static
lcd_i2c.c:101:6:lcd_back_light_off	4	static
lcd_i2c.c:106:6:lcd_set_cursor	16	static
lcd_i2c.c:127:6:lcd_first_line	8	static
lcd_i2c.c:133:6:lcd_second_line	8	static
lcd_i2c.c:139:6:lcd_write_command	24	static
lcd_i2c.c:155:6:lcd_write_data	24	static
lcd_i2c.c:171:6:lcd_send_string	16	static
lcd_i2c.c:181:6:lcd_send_alarm_on_msg	8	static
lcd_i2c.c:191:6:lcd_send_alarm_off_msg	8	static
lcd_i2c.c:203:6:lcd_generate_own_chars	8	static
lcd_i2c.c:215:6:lcd_send_own_char	16	static
lcd_i2c.c:254:6:lcd_show_week_day_name	16	static
lcd_i2c.c:291:6:lcd_show_battery_level	24	static
