lcd_i2c.c:47:6:lcd_back_light_on	0	static
lcd_i2c.c:52:6:lcd_back_light_off	0	static
lcd_i2c.c:91:6:lcd_write_command	24	static
lcd_i2c.c:40:6:lcd_clear	8	static
lcd_i2c.c:57:6:lcd_set_cursor	8	static
lcd_i2c.c:79:6:lcd_first_line	8	static
lcd_i2c.c:85:6:lcd_second_line	8	static
lcd_i2c.c:108:6:lcd_write_data	24	static
lcd_i2c.c:125:6:lcd_send_string	8	static
lcd_i2c.c:135:6:lcd_send_alarm_on_msg	8	static
lcd_i2c.c:145:6:lcd_send_alarm_off_msg	8	static
lcd_i2c.c:156:6:lcd_generate_own_chars	16	static
lcd_i2c.c:13:6:lcd_init	8	static
lcd_i2c.c:170:6:lcd_send_own_char	0	static
lcd_i2c.c:209:6:lcd_show_week_day_name	0	static
lcd_i2c.c:244:6:lcd_to_do_on_uart	8	static
lcd_i2c.c:254:6:lcd_show_battery_level	16	static
